// Jest Snapshot v1, https://goo.gl/fbAQLP

exports[`NewestPractices Component matches snapshot 1`] = `
<View
  style={
    [
      {
        "borderBottomLeftRadius": 8,
        "borderBottomRightRadius": 8,
        "borderTopLeftRadius": 8,
        "borderTopRightRadius": 8,
      },
      {
        "backgroundColor": "#fff",
        "boxShadow": "0px 0px 20px rgba(0, 0, 0, 0.1)",
      },
      {
        "borderBottomLeftRadius": 8,
        "borderBottomRightRadius": 8,
        "borderTopLeftRadius": 8,
        "borderTopRightRadius": 8,
      },
    ]
  }
>
  <Text
    style={
      {
        "fontSize": 18,
        "fontWeight": "700",
        "lineHeight": 28,
        "paddingLeft": 16,
        "paddingRight": 16,
        "paddingTop": 16,
      }
    }
  >
    Newest Practices
  </Text>
  <View
    style={
      {
        "display": "flex",
        "flexDirection": "row",
        "flexWrap": "wrap",
        "justifyContent": "flex-start",
      }
    }
  >
    <View
      style={
        {
          "borderBottomLeftRadius": 8,
          "borderBottomRightRadius": 8,
          "borderTopLeftRadius": 8,
          "borderTopRightRadius": 8,
          "marginBottom": 16,
          "paddingBottom": 16,
          "paddingLeft": 16,
          "paddingRight": 16,
          "paddingTop": 16,
        }
      }
    >
      <Text
        style={
          {
            "fontSize": 18,
            "fontWeight": "700",
            "lineHeight": 28,
            "marginBottom": 8,
          }
        }
      >
        Cape Fertility Clinic
      </Text>
      <Text
        style={
          {
            "color": "rgb(75 85 99 / var(--tw-text-opacity, 1))",
            "fontSize": 14,
            "lineHeight": 20,
          }
        }
      >
        +21 794 3956
      </Text>
      <Text
        style={
          {
            "color": "rgb(75 85 99 / var(--tw-text-opacity, 1))",
            "fontSize": 14,
            "lineHeight": 20,
          }
        }
      >
        info@capefertility.co.za
      </Text>
      <Text
        style={
          {
            "color": "rgb(75 85 99 / var(--tw-text-opacity, 1))",
            "fontSize": 14,
            "lineHeight": 20,
            "marginBottom": 8,
          }
        }
      >
        Created: 
        04/10/2021
      </Text>
      <View
        style={
          {
            "alignItems": "center",
            "flexDirection": "row",
            "justifyContent": "space-between",
          }
        }
      >
        <View
          style={
            {
              "alignItems": "center",
              "flexDirection": "row",
            }
          }
        >
          <RCTSwitch
            accessibilityRole="switch"
            onChange={[Function]}
            onResponderTerminationRequest={[Function]}
            onStartShouldSetResponder={[Function]}
            onTintColor="#CEE4E8"
            style={
              {
                "height": 31,
                "width": 51,
              }
            }
            thumbTintColor="#67adb9"
            tintColor="#ccc"
            value={true}
          />
          <Text
            style={
              {
                "marginLeft": 8,
              }
            }
          >
            Active
          </Text>
        </View>
        <View
          style={
            {
              "flexDirection": "row",
            }
          }
        >
          <View
            accessibilityState={
              {
                "busy": undefined,
                "checked": undefined,
                "disabled": undefined,
                "expanded": undefined,
                "selected": undefined,
              }
            }
            accessibilityValue={
              {
                "max": undefined,
                "min": undefined,
                "now": undefined,
                "text": undefined,
              }
            }
            accessible={true}
            collapsable={false}
            focusable={true}
            onClick={[Function]}
            onResponderGrant={[Function]}
            onResponderMove={[Function]}
            onResponderRelease={[Function]}
            onResponderTerminate={[Function]}
            onResponderTerminationRequest={[Function]}
            onStartShouldSetResponder={[Function]}
            style={
              {
                "marginRight": 12,
                "opacity": 1,
              }
            }
          >
            <Image
              source={
                {
                  "testUri": "../../../assets/images/pencil.svg",
                }
              }
              style={
                {
                  "height": 14,
                  "width": 14,
                }
              }
              tintColor="#67adb9"
            />
          </View>
          <View
            accessibilityState={
              {
                "busy": undefined,
                "checked": undefined,
                "disabled": undefined,
                "expanded": undefined,
                "selected": undefined,
              }
            }
            accessibilityValue={
              {
                "max": undefined,
                "min": undefined,
                "now": undefined,
                "text": undefined,
              }
            }
            accessible={true}
            collapsable={false}
            focusable={true}
            onClick={[Function]}
            onResponderGrant={[Function]}
            onResponderMove={[Function]}
            onResponderRelease={[Function]}
            onResponderTerminate={[Function]}
            onResponderTerminationRequest={[Function]}
            onStartShouldSetResponder={[Function]}
            style={
              {
                "opacity": 1,
              }
            }
          >
            <Image
              source={
                {
                  "testUri": "../../../assets/images/trash.svg",
                }
              }
              style={
                {
                  "height": 14,
                  "width": 14,
                }
              }
              tintColor="#67adb9"
            />
          </View>
        </View>
      </View>
    </View>
    <View
      style={
        {
          "borderBottomLeftRadius": 8,
          "borderBottomRightRadius": 8,
          "borderTopLeftRadius": 8,
          "borderTopRightRadius": 8,
          "marginBottom": 16,
          "paddingBottom": 16,
          "paddingLeft": 16,
          "paddingRight": 16,
          "paddingTop": 16,
        }
      }
    >
      <Text
        style={
          {
            "fontSize": 18,
            "fontWeight": "700",
            "lineHeight": 28,
            "marginBottom": 8,
          }
        }
      >
        Cape Fertility Clinic
      </Text>
      <Text
        style={
          {
            "color": "rgb(75 85 99 / var(--tw-text-opacity, 1))",
            "fontSize": 14,
            "lineHeight": 20,
          }
        }
      >
        +21 794 3956
      </Text>
      <Text
        style={
          {
            "color": "rgb(75 85 99 / var(--tw-text-opacity, 1))",
            "fontSize": 14,
            "lineHeight": 20,
          }
        }
      >
        info@capefertility.co.za
      </Text>
      <Text
        style={
          {
            "color": "rgb(75 85 99 / var(--tw-text-opacity, 1))",
            "fontSize": 14,
            "lineHeight": 20,
            "marginBottom": 8,
          }
        }
      >
        Created: 
        04/10/2021
      </Text>
      <View
        style={
          {
            "alignItems": "center",
            "flexDirection": "row",
            "justifyContent": "space-between",
          }
        }
      >
        <View
          style={
            {
              "alignItems": "center",
              "flexDirection": "row",
            }
          }
        >
          <RCTSwitch
            accessibilityRole="switch"
            onChange={[Function]}
            onResponderTerminationRequest={[Function]}
            onStartShouldSetResponder={[Function]}
            onTintColor="#CEE4E8"
            style={
              {
                "height": 31,
                "width": 51,
              }
            }
            thumbTintColor="#67adb9"
            tintColor="#ccc"
            value={true}
          />
          <Text
            style={
              {
                "marginLeft": 8,
              }
            }
          >
            Active
          </Text>
        </View>
        <View
          style={
            {
              "flexDirection": "row",
            }
          }
        >
          <View
            accessibilityState={
              {
                "busy": undefined,
                "checked": undefined,
                "disabled": undefined,
                "expanded": undefined,
                "selected": undefined,
              }
            }
            accessibilityValue={
              {
                "max": undefined,
                "min": undefined,
                "now": undefined,
                "text": undefined,
              }
            }
            accessible={true}
            collapsable={false}
            focusable={true}
            onClick={[Function]}
            onResponderGrant={[Function]}
            onResponderMove={[Function]}
            onResponderRelease={[Function]}
            onResponderTerminate={[Function]}
            onResponderTerminationRequest={[Function]}
            onStartShouldSetResponder={[Function]}
            style={
              {
                "marginRight": 12,
                "opacity": 1,
              }
            }
          >
            <Image
              source={
                {
                  "testUri": "../../../assets/images/pencil.svg",
                }
              }
              style={
                {
                  "height": 14,
                  "width": 14,
                }
              }
              tintColor="#67adb9"
            />
          </View>
          <View
            accessibilityState={
              {
                "busy": undefined,
                "checked": undefined,
                "disabled": undefined,
                "expanded": undefined,
                "selected": undefined,
              }
            }
            accessibilityValue={
              {
                "max": undefined,
                "min": undefined,
                "now": undefined,
                "text": undefined,
              }
            }
            accessible={true}
            collapsable={false}
            focusable={true}
            onClick={[Function]}
            onResponderGrant={[Function]}
            onResponderMove={[Function]}
            onResponderRelease={[Function]}
            onResponderTerminate={[Function]}
            onResponderTerminationRequest={[Function]}
            onStartShouldSetResponder={[Function]}
            style={
              {
                "opacity": 1,
              }
            }
          >
            <Image
              source={
                {
                  "testUri": "../../../assets/images/trash.svg",
                }
              }
              style={
                {
                  "height": 14,
                  "width": 14,
                }
              }
              tintColor="#67adb9"
            />
          </View>
        </View>
      </View>
    </View>
    <View
      style={
        {
          "borderBottomLeftRadius": 8,
          "borderBottomRightRadius": 8,
          "borderTopLeftRadius": 8,
          "borderTopRightRadius": 8,
          "marginBottom": 16,
          "paddingBottom": 16,
          "paddingLeft": 16,
          "paddingRight": 16,
          "paddingTop": 16,
        }
      }
    >
      <Text
        style={
          {
            "fontSize": 18,
            "fontWeight": "700",
            "lineHeight": 28,
            "marginBottom": 8,
          }
        }
      >
        Cape Fertility Clinic
      </Text>
      <Text
        style={
          {
            "color": "rgb(75 85 99 / var(--tw-text-opacity, 1))",
            "fontSize": 14,
            "lineHeight": 20,
          }
        }
      >
        +21 794 3956
      </Text>
      <Text
        style={
          {
            "color": "rgb(75 85 99 / var(--tw-text-opacity, 1))",
            "fontSize": 14,
            "lineHeight": 20,
          }
        }
      >
        info@capefertility.co.za
      </Text>
      <Text
        style={
          {
            "color": "rgb(75 85 99 / var(--tw-text-opacity, 1))",
            "fontSize": 14,
            "lineHeight": 20,
            "marginBottom": 8,
          }
        }
      >
        Created: 
        04/10/2021
      </Text>
      <View
        style={
          {
            "alignItems": "center",
            "flexDirection": "row",
            "justifyContent": "space-between",
          }
        }
      >
        <View
          style={
            {
              "alignItems": "center",
              "flexDirection": "row",
            }
          }
        >
          <RCTSwitch
            accessibilityRole="switch"
            onChange={[Function]}
            onResponderTerminationRequest={[Function]}
            onStartShouldSetResponder={[Function]}
            onTintColor="#CEE4E8"
            style={
              {
                "height": 31,
                "width": 51,
              }
            }
            thumbTintColor="#fff"
            tintColor="#ccc"
            value={false}
          />
          <Text
            style={
              {
                "marginLeft": 8,
              }
            }
          >
            Disabled
          </Text>
        </View>
        <View
          style={
            {
              "flexDirection": "row",
            }
          }
        >
          <View
            accessibilityState={
              {
                "busy": undefined,
                "checked": undefined,
                "disabled": undefined,
                "expanded": undefined,
                "selected": undefined,
              }
            }
            accessibilityValue={
              {
                "max": undefined,
                "min": undefined,
                "now": undefined,
                "text": undefined,
              }
            }
            accessible={true}
            collapsable={false}
            focusable={true}
            onClick={[Function]}
            onResponderGrant={[Function]}
            onResponderMove={[Function]}
            onResponderRelease={[Function]}
            onResponderTerminate={[Function]}
            onResponderTerminationRequest={[Function]}
            onStartShouldSetResponder={[Function]}
            style={
              {
                "marginRight": 12,
                "opacity": 1,
              }
            }
          >
            <Image
              source={
                {
                  "testUri": "../../../assets/images/pencil.svg",
                }
              }
              style={
                {
                  "height": 14,
                  "width": 14,
                }
              }
              tintColor="#67adb9"
            />
          </View>
          <View
            accessibilityState={
              {
                "busy": undefined,
                "checked": undefined,
                "disabled": undefined,
                "expanded": undefined,
                "selected": undefined,
              }
            }
            accessibilityValue={
              {
                "max": undefined,
                "min": undefined,
                "now": undefined,
                "text": undefined,
              }
            }
            accessible={true}
            collapsable={false}
            focusable={true}
            onClick={[Function]}
            onResponderGrant={[Function]}
            onResponderMove={[Function]}
            onResponderRelease={[Function]}
            onResponderTerminate={[Function]}
            onResponderTerminationRequest={[Function]}
            onStartShouldSetResponder={[Function]}
            style={
              {
                "opacity": 1,
              }
            }
          >
            <Image
              source={
                {
                  "testUri": "../../../assets/images/trash.svg",
                }
              }
              style={
                {
                  "height": 14,
                  "width": 14,
                }
              }
              tintColor="#67adb9"
            />
          </View>
        </View>
      </View>
    </View>
  </View>
  <View
    accessibilityState={
      {
        "busy": undefined,
        "checked": undefined,
        "disabled": undefined,
        "expanded": undefined,
        "selected": undefined,
      }
    }
    accessibilityValue={
      {
        "max": undefined,
        "min": undefined,
        "now": undefined,
        "text": undefined,
      }
    }
    accessible={true}
    collapsable={false}
    focusable={false}
    onClick={[Function]}
    onResponderGrant={[Function]}
    onResponderMove={[Function]}
    onResponderRelease={[Function]}
    onResponderTerminate={[Function]}
    onResponderTerminationRequest={[Function]}
    onStartShouldSetResponder={[Function]}
    style={
      {
        "alignSelf": "flex-end",
        "display": "flex",
        "flexDirection": "row",
        "marginBottom": 16,
        "marginRight": 16,
        "marginTop": 16,
        "opacity": 1,
      }
    }
  >
    <Text
      style={
        [
          {
            "color": "rgb(59 130 246 / var(--tw-text-opacity, 1))",
          },
          {
            "color": "#67adb9",
          },
        ]
      }
    >
      See All
    </Text>
    <Image
      source={
        {
          "testUri": "../../../assets/images/caret-right.svg",
        }
      }
      style={
        {
          "height": 20,
          "width": 20,
        }
      }
      tintColor="#67adb9"
    />
  </View>
</View>
`;
