// Jest Snapshot v1, https://goo.gl/fbAQLP

exports[`Navbar Component matches snapshot 1`] = `
<View
  style={
    [
      {
        "alignItems": "center",
        "flexDirection": "row",
        "justifyContent": "flex-end",
        "paddingBottom": 13,
        "paddingLeft": 16,
        "paddingRight": 16,
        "paddingTop": 13,
        "zIndex": 50,
      },
      {
        "backgroundColor": "rgb(255 255 255)",
      },
    ]
  }
>
  <View
    style={
      [
        {
          "zIndex": 50,
        },
        {
          "position": "relative",
        },
      ]
    }
  >
    <View
      accessibilityState={
        {
          "busy": undefined,
          "checked": undefined,
          "disabled": undefined,
          "expanded": undefined,
          "selected": undefined,
        }
      }
      accessibilityValue={
        {
          "max": undefined,
          "min": undefined,
          "now": undefined,
          "text": undefined,
        }
      }
      accessible={true}
      collapsable={false}
      focusable={true}
      onClick={[Function]}
      onResponderGrant={[Function]}
      onResponderMove={[Function]}
      onResponderRelease={[Function]}
      onResponderTerminate={[Function]}
      onResponderTerminationRequest={[Function]}
      onStartShouldSetResponder={[Function]}
      style={
        {
          "marginRight": 16,
          "opacity": 1,
          "position": "relative",
          "zIndex": 51,
        }
      }
      testID="bell-icon"
    >
      <View
        testID="bell-icon"
      >
        <Text>
          bell
        </Text>
      </View>
      <View
        style={
          [
            {
              "alignItems": "center",
              "backgroundColor": "rgb(239 68 68 / var(--tw-bg-opacity, 1))",
              "borderBottomLeftRadius": 9999,
              "borderBottomRightRadius": 9999,
              "borderTopLeftRadius": 9999,
              "borderTopRightRadius": 9999,
              "display": "flex",
              "height": 18,
              "justifyContent": "center",
              "position": "absolute",
              "right": -12,
              "top": -12,
              "width": 18,
            },
            {
              "backgroundColor": "#ff5651",
            },
          ]
        }
      >
        <Text
          style={
            [
              {
                "color": "rgb(255 255 255 / var(--tw-text-opacity, 1))",
                "fontSize": 9.6,
                "fontWeight": "700",
              },
              {
                "color": "#ffffff",
              },
            ]
          }
        >
          2
        </Text>
      </View>
    </View>
  </View>
  <View
    accessibilityState={
      {
        "busy": undefined,
        "checked": undefined,
        "disabled": undefined,
        "expanded": undefined,
        "selected": undefined,
      }
    }
    accessibilityValue={
      {
        "max": undefined,
        "min": undefined,
        "now": undefined,
        "text": undefined,
      }
    }
    accessible={true}
    collapsable={false}
    focusable={true}
    onClick={[Function]}
    onResponderGrant={[Function]}
    onResponderMove={[Function]}
    onResponderRelease={[Function]}
    onResponderTerminate={[Function]}
    onResponderTerminationRequest={[Function]}
    onStartShouldSetResponder={[Function]}
    style={
      {
        "opacity": 1,
      }
    }
    testID="profile-icon"
  >
    <View
      style={
        [
          {
            "display": "flex",
            "flexDirection": "row",
          },
          {
            "position": "static",
          },
        ]
      }
    >
      <View
        style={
          [
            {
              "alignItems": "center",
              "borderBottomLeftRadius": 9999,
              "borderBottomRightRadius": 9999,
              "borderTopLeftRadius": 9999,
              "borderTopRightRadius": 9999,
              "display": "flex",
              "height": 15,
              "justifyContent": "center",
              "marginLeft": 10,
              "marginRight": 10,
              "paddingBottom": 20,
              "paddingLeft": 20,
              "paddingRight": 20,
              "paddingTop": 20,
              "width": 15,
            },
            {
              "backgroundColor": "rgb(243 249 250)",
            },
          ]
        }
      >
        <Text
          style={
            [
              {
                "fontSize": 12,
                "fontWeight": "700",
                "lineHeight": 28,
              },
              {
                "color": "rgb(87 131 136)",
              },
            ]
          }
        >
          AS
        </Text>
      </View>
      <View
        accessibilityState={
          {
            "busy": undefined,
            "checked": undefined,
            "disabled": undefined,
            "expanded": undefined,
            "selected": undefined,
          }
        }
        accessibilityValue={
          {
            "max": undefined,
            "min": undefined,
            "now": undefined,
            "text": undefined,
          }
        }
        accessible={true}
        collapsable={false}
        focusable={true}
        onClick={[Function]}
        onResponderGrant={[Function]}
        onResponderMove={[Function]}
        onResponderRelease={[Function]}
        onResponderTerminate={[Function]}
        onResponderTerminationRequest={[Function]}
        onStartShouldSetResponder={[Function]}
        style={
          {
            "alignItems": "center",
            "flexDirection": "row",
            "opacity": 1,
            "position": "relative",
          }
        }
      >
        <View
          style={
            {
              "alignItems": "center",
              "borderBottomLeftRadius": 9999,
              "borderBottomRightRadius": 9999,
              "borderTopLeftRadius": 9999,
              "borderTopRightRadius": 9999,
              "display": "flex",
              "height": 15,
              "justifyContent": "center",
            }
          }
        >
          <Text
            style={
              {
                "color": "rgb(160 160 160 / var(--tw-text-opacity, 1))",
                "fontSize": 12,
                "fontWeight": "600",
              }
            }
          >
            Adrian Stefan
          </Text>
        </View>
        <View
          style={
            {
              "alignItems": "center",
              "width": 30,
            }
          }
        >
          <Image
            source={
              {
                "testUri": "../../../assets/images/caret-down.svg",
              }
            }
            style={
              {
                "height": 22,
                "width": 22,
              }
            }
            tintColor="rgb(103 173 185)"
          />
        </View>
      </View>
    </View>
  </View>
</View>
`;
